[INFO] Scanning for projects...
[INFO] 
[INFO] ------------------------< com.example:backend >-------------------------
[INFO] Building  0.0.1-SNAPSHOT
[INFO]   from pom.xml
[INFO] --------------------------------[ jar ]---------------------------------
[INFO] 
[INFO] --- resources:3.5.0:resources (default-resources) @ backend ---
[INFO] Copying 1 resource from src\main\resources to target\classes
[INFO] Copying 0 resource from src\main\resources to target\classes
[INFO] 
[INFO] --- compiler:3.11.0:compile (default-compile) @ backend ---
[INFO] Changes detected - recompiling the module! :source
[INFO] Compiling 203 source files with javac [debug release 21] to target\classes
[INFO] /C:/Restaurant Project/backend/src/main/java/com/example/backend/customer/service/CartService.java: C:\Restaurant Project\backend\src\main\java\com\example\backend\customer\service\CartService.java uses unchecked or unsafe operations.
[INFO] /C:/Restaurant Project/backend/src/main/java/com/example/backend/customer/service/CartService.java: Recompile with -Xlint:unchecked for details.
[INFO] ------------------------------------------------------------------------
[INFO] BUILD SUCCESS
[INFO] ------------------------------------------------------------------------
[INFO] Total time:  11.799 s
[INFO] Finished at: 2026-08-30T22:49:44+05:30
[INFO] ------------------------------------------------------------------------
